---
source: crates/skribble_css/tests/css.rs
assertion_line: 62
expression: "generate_css(&config, &collector.get_class_names())"

---
@keyframes bounce {
  0%, 100% {
    transform: translateY(-25%);
    animation-timing-function: cubic-bezier(0.8, 0, 1, 1);
  }
  50% {
    transform: translateY(0);
    animation-timing-function: cubic-bezier(0, 0, 0.2, 1);
  }
}

@keyframes enter {
  from {
    opacity: var(--animation-enter-opacity, 1);
    transform: translate3d(var(--animation-enter-translate-x, 0), var(--animation-enter-translate-y, 0), 0) scale3d(var(--animation-enter-scale, 1), var(--animation-enter-scale, 1), var(--animation-enter-scale, 1));
  }
}

@keyframes exit {
  to {
    opacity: var(--animation-exit-opacity, 1);
    transform: translate3d(var(--animation-exit-translate-x, 0), var(--animation-exit-translate-y, 0), 0) scale3d(var(--animation-exit-scale, 1), var(--animation-exit-scale, 1), var(--animation-exit-scale, 1));
  }
}

:root {
  --default-animation-duration: 1s;
}

.slideBottom\:\:\$ {
  --animation-enter-translate-y: 100%;
}

.animate\:\:\$bounce {
  animation: bounce var(--default-animation-duration) infinite;
}

.animate\:\:\$in {
  animation-name: enter;
  animation-duration: var(--default-animation-duration);
  --animation-enter-opacity: initial;
  --animation-enter-scale: initial;
  --animation-enter-rotate: initial;
  --animation-enter-translate-x: initial;
  --animation-enter-translate-y: initial;
}

.animate\:\:\$out {
  animation-name: exit;
  animation-duration: var(--default-animation-duration);
  --animation-enter-opacity: initial;
  --animation-enter-scale: initial;
  --animation-enter-rotate: initial;
  --animation-enter-translate-x: initial;
  --animation-enter-translate-y: initial;
}

