---
source: crates/skribble_css/src/scanner.rs
assertion_line: 59
expression: "crate::test_utils::get_selector(&crate::test_utils::create_config(None).unwrap(),\n                                \"import { c } from 'skribble-css/client';\n\n    function awesome(a = c.lg.focus.$block) {\n     //\n    }\")"

---
.lg\:focus\:\:\$block:focus
